// Jest Snapshot v1, https://goo.gl/fbAQLP

exports[`<GifExpertApp /> tests should render <GifExpertApp /> correctly 1`] = `
<h1>
  Gif App
</h1>
`;
